2026-04-18 08:14:40,537 - src.orchestrator - INFO - Logging configured
2026-04-18 08:14:40,537 - src.orchestrator - INFO - Storage initialized
2026-04-18 08:14:40,537 - src.orchestrator - INFO - Email notifier configured for 1 recipients
2026-04-18 08:14:40,537 - src.orchestrator - INFO - Starting scrape...
2026-04-18 08:14:40,537 - src.orchestrator - INFO - Scraping from 7 sources: ['devpost', 'unstop', 'devfolio', 'hack2skill', 'whereuelevate', 'hackerearth', 'devnovate']
2026-04-18 08:14:40,537 - src.orchestrator - INFO - Scraping devpost...
2026-04-18 08:14:40,862 - src.scrapers.base.DevpostScraper - INFO - Scraped 9 from Devpost
2026-04-18 08:14:40,862 - src.orchestrator - INFO -   -> Got 9 hackathons from devpost
2026-04-18 08:14:40,862 - src.orchestrator - INFO - Scraping unstop...
2026-04-18 08:14:43,732 - src.scrapers.base.UnstopScraper - INFO - Scraped 101 from Unstop
2026-04-18 08:14:43,733 - src.orchestrator - INFO -   -> Got 101 hackathons from unstop
2026-04-18 08:14:43,733 - src.orchestrator - INFO - Scraping devfolio...
2026-04-18 08:14:45,028 - src.scrapers.base.DevfolioScraper - INFO - Scraped 20 from Devfolio
2026-04-18 08:14:45,029 - src.orchestrator - INFO -   -> Got 20 hackathons from devfolio
2026-04-18 08:14:45,029 - src.orchestrator - INFO - Scraping hack2skill...
2026-04-18 08:14:45,448 - src.scrapers.base.Hack2SkillScraper - INFO - Scraped 18 from Hack2Skill
2026-04-18 08:14:45,449 - src.orchestrator - INFO -   -> Got 18 hackathons from hack2skill
2026-04-18 08:14:45,449 - src.orchestrator - INFO - Scraping whereuelevate...
2026-04-18 08:14:47,042 - src.scrapers.base.WhereUElevateScraper - INFO - Scraped 30 from WhereUElevate
2026-04-18 08:14:47,043 - src.orchestrator - INFO -   -> Got 30 hackathons from whereuelevate
2026-04-18 08:14:47,043 - src.orchestrator - INFO - Scraping hackerearth...
2026-04-18 08:14:47,888 - src.scrapers.base.HackerEarthScraper - WARNING - HackerEarth returned 403
2026-04-18 08:14:47,889 - src.orchestrator - INFO -   -> Got 0 hackathons from hackerearth
2026-04-18 08:14:47,889 - src.orchestrator - INFO - Scraping devnovate...
2026-04-18 08:14:50,084 - src.scrapers.base.DevnovateScraper - INFO - Scraped 193 from Devnovate
2026-04-18 08:14:50,085 - src.orchestrator - INFO -   -> Got 193 hackathons from devnovate
2026-04-18 08:14:50,085 - src.orchestrator - INFO - Saving 371 unfiltered hackathons...
2026-04-18 08:14:50,091 - src.storage - INFO - Saved 371 unfiltered hackathons to data/hackathons_unfiltered.json
2026-04-18 08:14:50,091 - src.orchestrator - INFO - Filtering hackathons...
2026-04-18 08:14:50,092 - src.orchestrator - INFO - Filtered to 28 hackathons matching criteria
2026-04-18 08:14:50,092 - src.orchestrator - INFO - Storing and deduplicating...
2026-04-18 08:14:50,092 - src.orchestrator - INFO - Filtered to 28 valid hackathons after removing invalid entries
2026-04-18 08:14:50,092 - src.storage - INFO - Found 28 new hackathons out of 28 scraped
2026-04-18 08:14:50,093 - src.storage - INFO - Saved 28 hackathons to storage
2026-04-18 08:14:50,093 - src.orchestrator - INFO - Sending email for 28 new hackathons...
2026-04-18 08:14:51,807 - src.emailer - INFO - Sent email to 1 recipients with 28 hackathons
2026-04-18 08:14:51,807 - src.orchestrator - INFO - Email sent successfully
2026-04-18 08:14:51,808 - src.storage - INFO - Loaded 28 hackathons from storage
2026-04-18 08:14:51,808 - src.orchestrator - INFO - ==================================================
2026-04-18 08:14:51,808 - src.orchestrator - INFO - Completed in 11.3s
2026-04-18 08:14:51,808 - src.orchestrator - INFO - Total hackathons: 28
2026-04-18 08:14:51,809 - src.orchestrator - INFO - New this run: 28
2026-04-18 08:14:51,809 - src.orchestrator - INFO - ==================================================
